Flow report for mi3
Thu Nov 30 03:16:59 2017
Quartus Prime Version 16.1.0 Build 196 10/24/2016 SJ Lite Edition


---------------------
; Table of Contents ;
---------------------
  1. Legal Notice
  2. Flow Summary
  3. Flow Settings
  4. Flow Non-Default Global Settings
  5. Flow Elapsed Time
  6. Flow OS Summary
  7. Flow Log
  8. Flow Messages
  9. Flow Suppressed Messages



----------------
; Legal Notice ;
----------------
Copyright (C) 2016  Intel Corporation. All rights reserved.
Your use of Intel Corporation's design tools, logic functions 
and other software and tools, and its AMPP partner logic 
functions, and any output files from any of the foregoing 
(including device programming or simulation files), and any 
associated documentation or information are expressly subject 
to the terms and conditions of the Intel Program License 
Subscription Agreement, the Intel Quartus Prime License Agreement,
the Intel MegaCore Function License Agreement, or other 
applicable license agreement, including, without limitation, 
that your use is for the sole purpose of programming logic 
devices manufactured by Intel and sold by Intel or its 
authorized distributors.  Please refer to the applicable 
agreement for further details.



+----------------------------------------------------------------------------------+
; Flow Summary                                                                     ;
+------------------------------------+---------------------------------------------+
; Flow Status                        ; Successful - Thu Nov 30 03:16:42 2017       ;
; Quartus Prime Version              ; 16.1.0 Build 196 10/24/2016 SJ Lite Edition ;
; Revision Name                      ; mi3                                         ;
; Top-level Entity Name              ; mi3                                         ;
; Family                             ; Cyclone IV E                                ;
; Device                             ; EP4CE30F23C7                                ;
; Timing Models                      ; Final                                       ;
; Total logic elements               ; 3,913 / 28,848 ( 14 % )                     ;
;     Total combinational functions  ; 3,429 / 28,848 ( 12 % )                     ;
;     Dedicated logic registers      ; 2,372 / 28,848 ( 8 % )                      ;
; Total registers                    ; 2372                                        ;
; Total pins                         ; 169 / 329 ( 51 % )                          ;
; Total virtual pins                 ; 0                                           ;
; Total memory bits                  ; 227,008 / 608,256 ( 37 % )                  ;
; Embedded Multiplier 9-bit elements ; 6 / 132 ( 5 % )                             ;
; Total PLLs                         ; 0 / 4 ( 0 % )                               ;
+------------------------------------+---------------------------------------------+


+-----------------------------------------+
; Flow Settings                           ;
+-------------------+---------------------+
; Option            ; Setting             ;
+-------------------+---------------------+
; Start date & time ; 11/30/2017 03:10:13 ;
; Main task         ; Compilation         ;
; Revision Name     ; mi3                 ;
+-------------------+---------------------+


+----------------------------------------------------------------------------------------------------------------------------------------+
; Flow Non-Default Global Settings                                                                                                       ;
+-------------------------------------+-------------------------------------------------------+---------------+-------------+------------+
; Assignment Name                     ; Value                                                 ; Default Value ; Entity Name ; Section Id ;
+-------------------------------------+-------------------------------------------------------+---------------+-------------+------------+
; COMPILER_SIGNATURE_ID               ; 105852886828316.151202221201784                       ; --            ; --          ; --         ;
; MAX_CORE_JUNCTION_TEMP              ; 85                                                    ; --            ; --          ; --         ;
; MIN_CORE_JUNCTION_TEMP              ; 0                                                     ; --            ; --          ; --         ;
; MISC_FILE                           ; mi3/synthesis/../mi3.cmp                              ; --            ; --          ; --         ;
; MISC_FILE                           ; mi3/synthesis/../../mi3.qsys                          ; --            ; --          ; --         ;
; NOMINAL_CORE_SUPPLY_VOLTAGE         ; 1.2V                                                  ; --            ; --          ; --         ;
; PARTITION_COLOR                     ; -- (Not supported for targeted family)                ; --            ; --          ; Top        ;
; PARTITION_FITTER_PRESERVATION_LEVEL ; -- (Not supported for targeted family)                ; --            ; --          ; Top        ;
; PARTITION_NETLIST_TYPE              ; -- (Not supported for targeted family)                ; --            ; --          ; Top        ;
; POWER_BOARD_THERMAL_MODEL           ; None (CONSERVATIVE)                                   ; --            ; --          ; --         ;
; POWER_PRESET_COOLING_SOLUTION       ; 23 MM HEAT SINK WITH 200 LFPM AIRFLOW                 ; --            ; --          ; --         ;
; PROJECT_OUTPUT_DIRECTORY            ; output_files                                          ; --            ; --          ; --         ;
; SLD_FILE                            ; mi3/synthesis/mi3.regmap                              ; --            ; --          ; --         ;
; SLD_FILE                            ; mi3/synthesis/mi3.debuginfo                           ; --            ; --          ; --         ;
; SLD_INFO                            ; QSYS_NAME mi3 HAS_SOPCINFO 1 GENERATION_ID 1512021112 ; --            ; --          ; --         ;
; SOPCINFO_FILE                       ; mi3/synthesis/../../mi3.sopcinfo                      ; --            ; --          ; --         ;
; SYNTHESIS_ONLY_QIP                  ; On                                                    ; --            ; --          ; --         ;
+-------------------------------------+-------------------------------------------------------+---------------+-------------+------------+


+-------------------------------------------------------------------------------------------------------------------------------+
; Flow Elapsed Time                                                                                                             ;
+---------------------------+--------------+-------------------------+---------------------+------------------------------------+
; Module Name               ; Elapsed Time ; Average Processors Used ; Peak Virtual Memory ; Total CPU Time (on all processors) ;
+---------------------------+--------------+-------------------------+---------------------+------------------------------------+
; Analysis & Synthesis      ; 00:04:50     ; 1.0                     ; 834 MB              ; 00:07:53                           ;
; Fitter                    ; 00:01:13     ; 1.1                     ; 1480 MB             ; 00:01:32                           ;
; Assembler                 ; 00:00:08     ; 1.0                     ; 572 MB              ; 00:00:08                           ;
; TimeQuest Timing Analyzer ; 00:00:14     ; 1.3                     ; 703 MB              ; 00:00:15                           ;
; Total                     ; 00:06:25     ; --                      ; --                  ; 00:09:48                           ;
+---------------------------+--------------+-------------------------+---------------------+------------------------------------+


+-----------------------------------------------------------------------------------------+
; Flow OS Summary                                                                         ;
+---------------------------+------------------+------------+------------+----------------+
; Module Name               ; Machine Hostname ; OS Name    ; OS Version ; Processor type ;
+---------------------------+------------------+------------+------------+----------------+
; Analysis & Synthesis      ; DESKTOP-FQOR0UQ  ; Windows 10 ; 10.0       ; x86_64         ;
; Fitter                    ; DESKTOP-FQOR0UQ  ; Windows 10 ; 10.0       ; x86_64         ;
; Assembler                 ; DESKTOP-FQOR0UQ  ; Windows 10 ; 10.0       ; x86_64         ;
; TimeQuest Timing Analyzer ; DESKTOP-FQOR0UQ  ; Windows 10 ; 10.0       ; x86_64         ;
+---------------------------+------------------+------------+------------+----------------+


------------
; Flow Log ;
------------
quartus_map --read_settings_files=on --write_settings_files=off mi3 -c mi3
quartus_fit --read_settings_files=off --write_settings_files=off mi3 -c mi3
quartus_asm --read_settings_files=off --write_settings_files=off mi3 -c mi3
quartus_sta mi3 -c mi3



